$this->db->insert('members', array('name' => 'John', 'surname' => 'Doe', 'age' => 40));